<!doctype html public "-//w3c//dtd html 4.0 transitional//en">
<html><head>
<title>Static Call Graph - [.\rvmdk\compdcm_mpu9150.axf]</title></head>
<body><HR>
<H1>Static Call Graph for image .\rvmdk\compdcm_mpu9150.axf</H1><HR>
<BR><P>#&#060CALLGRAPH&#062# ARM Linker, 5.03 [Build 76]: Last Updated: Thu Apr 20 00:16:36 2017
<BR><P>
<H3>Maximum Stack Usage =        304 bytes + Unknown(Functions without stacksize, Cycles, Untraceable Function Pointers)</H3><H3>
Call chain for Maximum Stack Depth:</H3>
main &rArr; CompDCMUpdate &rArr; __aeabi_drsub &rArr; __aeabi_dadd &rArr; _double_epilogue &rArr; _double_round
<P>
<H3>
Functions with no stack information
</H3><UL>
 <LI><a href="#[d]">Reset_Handler</a>
 <LI><a href="#[1]">NmiSR</a>
 <LI><a href="#[2]">FaultISR</a>
 <LI><a href="#[3]">IntDefaultHandler</a>
</UL>
</UL>
<P>
<H3>
Mutually Recursive functions
</H3> <LI><a href="#[2c]">UARTConfigSetExpClk</a>&nbsp;&nbsp;&nbsp;&rArr;&nbsp;&nbsp;&nbsp;<a href="#[2c]">UARTConfigSetExpClk</a><BR>
 <LI><a href="#[1]">NmiSR</a>&nbsp;&nbsp;&nbsp;&rArr;&nbsp;&nbsp;&nbsp;<a href="#[1]">NmiSR</a><BR>
 <LI><a href="#[2]">FaultISR</a>&nbsp;&nbsp;&nbsp;&rArr;&nbsp;&nbsp;&nbsp;<a href="#[2]">FaultISR</a><BR>
 <LI><a href="#[3]">IntDefaultHandler</a>&nbsp;&nbsp;&nbsp;&rArr;&nbsp;&nbsp;&nbsp;<a href="#[3]">IntDefaultHandler</a><BR>
</UL>
<P>
<H3>
Function Pointers
</H3><UL>
 <LI><a href="#[2]">FaultISR</a> from startup_rvmdk.o(RESET) referenced from startup_rvmdk.o(RESET)
 <LI><a href="#[a]">I2CMWrite8Callback</a> from i2cm_drv.o(i.I2CMWrite8Callback) referenced from i2cm_drv.o(i.I2CMWrite8)
 <LI><a href="#[3]">IntDefaultHandler</a> from startup_rvmdk.o(RESET) referenced 109 times from startup_rvmdk.o(RESET)
 <LI><a href="#[4]">IntGPIOb</a> from compdcm_mpu9150.o(i.IntGPIOb) referenced from startup_rvmdk.o(RESET)
 <LI><a href="#[5]">IntGPIOd</a> from compdcm_mpu9150.o(i.IntGPIOd) referenced from startup_rvmdk.o(RESET)
 <LI><a href="#[b]">MPU9150AppCallback</a> from compdcm_mpu9150.o(i.MPU9150AppCallback) referenced from compdcm_mpu9150.o(i.IntGPIOb)
 <LI><a href="#[b]">MPU9150AppCallback</a> from compdcm_mpu9150.o(i.MPU9150AppCallback) referenced from compdcm_mpu9150.o(i.main)
 <LI><a href="#[c]">MPU9150Callback</a> from mpu9150.o(i.MPU9150Callback) referenced from mpu9150.o(i.MPU9150Callback)
 <LI><a href="#[c]">MPU9150Callback</a> from mpu9150.o(i.MPU9150Callback) referenced from mpu9150.o(i.MPU9150DataRead)
 <LI><a href="#[c]">MPU9150Callback</a> from mpu9150.o(i.MPU9150Callback) referenced from mpu9150.o(i.MPU9150Init)
 <LI><a href="#[c]">MPU9150Callback</a> from mpu9150.o(i.MPU9150Callback) referenced from mpu9150.o(i.MPU9150Write)
 <LI><a href="#[7]">MPU9150I2CIntHandler</a> from compdcm_mpu9150.o(i.MPU9150I2CIntHandler) referenced from startup_rvmdk.o(RESET)
 <LI><a href="#[1]">NmiSR</a> from startup_rvmdk.o(RESET) referenced from startup_rvmdk.o(RESET)
 <LI><a href="#[8]">RGBBlinkIntHandler</a> from rgb.o(i.RGBBlinkIntHandler) referenced from startup_rvmdk.o(RESET)
 <LI><a href="#[d]">Reset_Handler</a> from startup_rvmdk.o(RESET) referenced from startup_rvmdk.o(RESET)
 <LI><a href="#[6]">UARTStdioIntHandler</a> from uartstdio.o(i.UARTStdioIntHandler) referenced from startup_rvmdk.o(RESET)
 <LI><a href="#[9]">main</a> from compdcm_mpu9150.o(i.main) referenced from entry9a.o(.ARM.Collect$$$$0000000B)
</UL>
<P>
<H3>
Global Symbols
</H3>
<P><STRONG><a name="[d]"></a>Reset_Handler</STRONG> (Thumb, 0 bytes, Stack size unknown bytes, startup_rvmdk.o(RESET))
<BR><BR>[Calls]<UL><LI><a href="#[e]">&gt;&gt;</a>&nbsp;&nbsp;&nbsp;__main
</UL>

<P><STRONG><a name="[e]"></a>__main</STRONG> (Thumb, 0 bytes, Stack size unknown bytes, entry.o(.ARM.Collect$$$$00000000))
<BR><BR>[Called By]<UL><LI><a href="#[d]">&gt;&gt;</a>&nbsp;&nbsp;&nbsp;Reset_Handler
</UL>

<P><STRONG><a name="[65]"></a>_main_stk</STRONG> (Thumb, 0 bytes, Stack size unknown bytes, entry2.o(.ARM.Collect$$$$00000001))

<P><STRONG><a name="[f]"></a>_main_scatterload</STRONG> (Thumb, 0 bytes, Stack size unknown bytes, entry5.o(.ARM.Collect$$$$00000004))
<BR><BR>[Calls]<UL><LI><a href="#[10]">&gt;&gt;</a>&nbsp;&nbsp;&nbsp;__scatterload
</UL>

<P><STRONG><a name="[1c]"></a>__main_after_scatterload</STRONG> (Thumb, 0 bytes, Stack size unknown bytes, entry5.o(.ARM.Collect$$$$00000004))
<BR><BR>[Called By]<UL><LI><a href="#[10]">&gt;&gt;</a>&nbsp;&nbsp;&nbsp;__scatterload
</UL>

<P><STRONG><a name="[66]"></a>_main_clock</STRONG> (Thumb, 0 bytes, Stack size unknown bytes, entry7b.o(.ARM.Collect$$$$00000008))

<P><STRONG><a name="[67]"></a>_main_cpp_init</STRONG> (Thumb, 0 bytes, Stack size unknown bytes, entry8b.o(.ARM.Collect$$$$0000000A))

<P><STRONG><a name="[68]"></a>_main_init</STRONG> (Thumb, 0 bytes, Stack size unknown bytes, entry9a.o(.ARM.Collect$$$$0000000B))

<P><STRONG><a name="[69]"></a>__rt_final_cpp</STRONG> (Thumb, 0 bytes, Stack size unknown bytes, entry10a.o(.ARM.Collect$$$$0000000D))

<P><STRONG><a name="[6a]"></a>__rt_final_exit</STRONG> (Thumb, 0 bytes, Stack size unknown bytes, entry11a.o(.ARM.Collect$$$$0000000F))

<P><STRONG><a name="[11]"></a>__aeabi_dadd</STRONG> (Thumb, 322 bytes, Stack size 48 bytes, dadd.o(.text))
<BR><BR>[Stack]<UL><LI>Max Depth = 88<LI>Call Chain = __aeabi_dadd &rArr; _double_epilogue &rArr; _double_round
</UL>
<BR>[Calls]<UL><LI><a href="#[13]">&gt;&gt;</a>&nbsp;&nbsp;&nbsp;__aeabi_lasr
<LI><a href="#[12]">&gt;&gt;</a>&nbsp;&nbsp;&nbsp;__aeabi_llsl
<LI><a href="#[15]">&gt;&gt;</a>&nbsp;&nbsp;&nbsp;_double_round
<LI><a href="#[14]">&gt;&gt;</a>&nbsp;&nbsp;&nbsp;_double_epilogue
</UL>
<BR>[Called By]<UL><LI><a href="#[17]">&gt;&gt;</a>&nbsp;&nbsp;&nbsp;__aeabi_drsub
<LI><a href="#[16]">&gt;&gt;</a>&nbsp;&nbsp;&nbsp;__aeabi_dsub
</UL>

<P><STRONG><a name="[16]"></a>__aeabi_dsub</STRONG> (Thumb, 6 bytes, Stack size 0 bytes, dadd.o(.text), UNUSED)
<BR><BR>[Calls]<UL><LI><a href="#[11]">&gt;&gt;</a>&nbsp;&nbsp;&nbsp;__aeabi_dadd
</UL>

<P><STRONG><a name="[17]"></a>__aeabi_drsub</STRONG> (Thumb, 6 bytes, Stack size 0 bytes, dadd.o(.text))
<BR><BR>[Stack]<UL><LI>Max Depth = 88<LI>Call Chain = __aeabi_drsub &rArr; __aeabi_dadd &rArr; _double_epilogue &rArr; _double_round
</UL>
<BR>[Calls]<UL><LI><a href="#[11]">&gt;&gt;</a>&nbsp;&nbsp;&nbsp;__aeabi_dadd
</UL>
<BR>[Called By]<UL><LI><a href="#[25]">&gt;&gt;</a>&nbsp;&nbsp;&nbsp;CompDCMUpdate
</UL>

<P><STRONG><a name="[18]"></a>__aeabi_dmul</STRONG> (Thumb, 228 bytes, Stack size 48 bytes, dmul.o(.text))
<BR><BR>[Stack]<UL><LI>Max Depth = 88<LI>Call Chain = __aeabi_dmul &rArr; _double_epilogue &rArr; _double_round
</UL>
<BR>[Calls]<UL><LI><a href="#[14]">&gt;&gt;</a>&nbsp;&nbsp;&nbsp;_double_epilogue
</UL>
<BR>[Called By]<UL><LI><a href="#[47]">&gt;&gt;</a>&nbsp;&nbsp;&nbsp;MPU9150DataMagnetoGetFloat
<LI><a href="#[25]">&gt;&gt;</a>&nbsp;&nbsp;&nbsp;CompDCMUpdate
</UL>

<P><STRONG><a name="[27]"></a>__aeabi_f2d</STRONG> (Thumb, 38 bytes, Stack size 0 bytes, f2d.o(.text))
<BR><BR>[Called By]<UL><LI><a href="#[47]">&gt;&gt;</a>&nbsp;&nbsp;&nbsp;MPU9150DataMagnetoGetFloat
<LI><a href="#[25]">&gt;&gt;</a>&nbsp;&nbsp;&nbsp;CompDCMUpdate
</UL>

<P><STRONG><a name="[19]"></a>__aeabi_d2f</STRONG> (Thumb, 56 bytes, Stack size 8 bytes, d2f.o(.text))
<BR><BR>[Stack]<UL><LI>Max Depth = 8<LI>Call Chain = __aeabi_d2f
</UL>
<BR>[Calls]<UL><LI><a href="#[1a]">&gt;&gt;</a>&nbsp;&nbsp;&nbsp;_float_round
</UL>
<BR>[Called By]<UL><LI><a href="#[47]">&gt;&gt;</a>&nbsp;&nbsp;&nbsp;MPU9150DataMagnetoGetFloat
<LI><a href="#[25]">&gt;&gt;</a>&nbsp;&nbsp;&nbsp;CompDCMUpdate
</UL>

<P><STRONG><a name="[12]"></a>__aeabi_llsl</STRONG> (Thumb, 30 bytes, Stack size 0 bytes, llshl.o(.text))
<BR><BR>[Called By]<UL><LI><a href="#[14]">&gt;&gt;</a>&nbsp;&nbsp;&nbsp;_double_epilogue
<LI><a href="#[11]">&gt;&gt;</a>&nbsp;&nbsp;&nbsp;__aeabi_dadd
</UL>

<P><STRONG><a name="[6b]"></a>_ll_shift_l</STRONG> (Thumb, 0 bytes, Stack size 0 bytes, llshl.o(.text), UNUSED)

<P><STRONG><a name="[13]"></a>__aeabi_lasr</STRONG> (Thumb, 36 bytes, Stack size 0 bytes, llsshr.o(.text))
<BR><BR>[Called By]<UL><LI><a href="#[11]">&gt;&gt;</a>&nbsp;&nbsp;&nbsp;__aeabi_dadd
</UL>

<P><STRONG><a name="[6c]"></a>_ll_sshift_r</STRONG> (Thumb, 0 bytes, Stack size 0 bytes, llsshr.o(.text), UNUSED)

<P><STRONG><a name="[6d]"></a>__I$use$fp</STRONG> (Thumb, 0 bytes, Stack size 0 bytes, iusefp.o(.text), UNUSED)

<P><STRONG><a name="[1a]"></a>_float_round</STRONG> (Thumb, 18 bytes, Stack size 0 bytes, fepilogue.o(.text))
<BR><BR>[Called By]<UL><LI><a href="#[19]">&gt;&gt;</a>&nbsp;&nbsp;&nbsp;__aeabi_d2f
</UL>

<P><STRONG><a name="[6e]"></a>_float_epilogue</STRONG> (Thumb, 90 bytes, Stack size 4 bytes, fepilogue.o(.text), UNUSED)

<P><STRONG><a name="[15]"></a>_double_round</STRONG> (Thumb, 26 bytes, Stack size 8 bytes, depilogue.o(.text))
<BR><BR>[Stack]<UL><LI>Max Depth = 8<LI>Call Chain = _double_round
</UL>
<BR>[Called By]<UL><LI><a href="#[14]">&gt;&gt;</a>&nbsp;&nbsp;&nbsp;_double_epilogue
<LI><a href="#[11]">&gt;&gt;</a>&nbsp;&nbsp;&nbsp;__aeabi_dadd
</UL>

<P><STRONG><a name="[14]"></a>_double_epilogue</STRONG> (Thumb, 164 bytes, Stack size 32 bytes, depilogue.o(.text))
<BR><BR>[Stack]<UL><LI>Max Depth = 40<LI>Call Chain = _double_epilogue &rArr; _double_round
</UL>
<BR>[Calls]<UL><LI><a href="#[1b]">&gt;&gt;</a>&nbsp;&nbsp;&nbsp;__aeabi_llsr
<LI><a href="#[12]">&gt;&gt;</a>&nbsp;&nbsp;&nbsp;__aeabi_llsl
<LI><a href="#[15]">&gt;&gt;</a>&nbsp;&nbsp;&nbsp;_double_round
</UL>
<BR>[Called By]<UL><LI><a href="#[18]">&gt;&gt;</a>&nbsp;&nbsp;&nbsp;__aeabi_dmul
<LI><a href="#[11]">&gt;&gt;</a>&nbsp;&nbsp;&nbsp;__aeabi_dadd
</UL>

<P><STRONG><a name="[10]"></a>__scatterload</STRONG> (Thumb, 28 bytes, Stack size 0 bytes, init.o(.text))
<BR><BR>[Calls]<UL><LI><a href="#[1c]">&gt;&gt;</a>&nbsp;&nbsp;&nbsp;__main_after_scatterload
</UL>
<BR>[Called By]<UL><LI><a href="#[f]">&gt;&gt;</a>&nbsp;&nbsp;&nbsp;_main_scatterload
</UL>

<P><STRONG><a name="[6f]"></a>__scatterload_rt2</STRONG> (Thumb, 0 bytes, Stack size 0 bytes, init.o(.text), UNUSED)

<P><STRONG><a name="[1b]"></a>__aeabi_llsr</STRONG> (Thumb, 32 bytes, Stack size 0 bytes, llushr.o(.text))
<BR><BR>[Called By]<UL><LI><a href="#[14]">&gt;&gt;</a>&nbsp;&nbsp;&nbsp;_double_epilogue
</UL>

<P><STRONG><a name="[70]"></a>_ll_ushift_r</STRONG> (Thumb, 0 bytes, Stack size 0 bytes, llushr.o(.text), UNUSED)

<P><STRONG><a name="[5f]"></a>CompDCMAccelUpdate</STRONG> (Thumb, 14 bytes, Stack size 0 bytes, comp_dcm.o(i.CompDCMAccelUpdate))
<BR><BR>[Called By]<UL><LI><a href="#[9]">&gt;&gt;</a>&nbsp;&nbsp;&nbsp;main
</UL>

<P><STRONG><a name="[1d]"></a>CompDCMComputeEulers</STRONG> (Thumb, 76 bytes, Stack size 24 bytes, comp_dcm.o(i.CompDCMComputeEulers))
<BR><BR>[Stack]<UL><LI>Max Depth = 64<LI>Call Chain = CompDCMComputeEulers &rArr; __hardfp_asinf &rArr; sqrtf
</UL>
<BR>[Calls]<UL><LI><a href="#[1e]">&gt;&gt;</a>&nbsp;&nbsp;&nbsp;__hardfp_atan2f
<LI><a href="#[1f]">&gt;&gt;</a>&nbsp;&nbsp;&nbsp;__hardfp_asinf
</UL>
<BR>[Called By]<UL><LI><a href="#[9]">&gt;&gt;</a>&nbsp;&nbsp;&nbsp;main
</UL>

<P><STRONG><a name="[60]"></a>CompDCMGyroUpdate</STRONG> (Thumb, 14 bytes, Stack size 0 bytes, comp_dcm.o(i.CompDCMGyroUpdate))
<BR><BR>[Called By]<UL><LI><a href="#[9]">&gt;&gt;</a>&nbsp;&nbsp;&nbsp;main
</UL>

<P><STRONG><a name="[59]"></a>CompDCMInit</STRONG> (Thumb, 54 bytes, Stack size 0 bytes, comp_dcm.o(i.CompDCMInit))
<BR><BR>[Called By]<UL><LI><a href="#[9]">&gt;&gt;</a>&nbsp;&nbsp;&nbsp;main
</UL>

<P><STRONG><a name="[5e]"></a>CompDCMMagnetoUpdate</STRONG> (Thumb, 14 bytes, Stack size 0 bytes, comp_dcm.o(i.CompDCMMagnetoUpdate))
<BR><BR>[Called By]<UL><LI><a href="#[9]">&gt;&gt;</a>&nbsp;&nbsp;&nbsp;main
</UL>

<P><STRONG><a name="[20]"></a>CompDCMStart</STRONG> (Thumb, 288 bytes, Stack size 56 bytes, comp_dcm.o(i.CompDCMStart))
<BR><BR>[Stack]<UL><LI>Max Depth = 72<LI>Call Chain = CompDCMStart &rArr; __hardfp_sqrtf
</UL>
<BR>[Calls]<UL><LI><a href="#[24]">&gt;&gt;</a>&nbsp;&nbsp;&nbsp;VectorScale
<LI><a href="#[22]">&gt;&gt;</a>&nbsp;&nbsp;&nbsp;VectorDotProduct
<LI><a href="#[21]">&gt;&gt;</a>&nbsp;&nbsp;&nbsp;VectorCrossProduct
<LI><a href="#[23]">&gt;&gt;</a>&nbsp;&nbsp;&nbsp;__hardfp_sqrtf
</UL>
<BR>[Called By]<UL><LI><a href="#[9]">&gt;&gt;</a>&nbsp;&nbsp;&nbsp;main
</UL>

<P><STRONG><a name="[25]"></a>CompDCMUpdate</STRONG> (Thumb, 716 bytes, Stack size 96 bytes, comp_dcm.o(i.CompDCMUpdate))
<BR><BR>[Stack]<UL><LI>Max Depth = 184<LI>Call Chain = CompDCMUpdate &rArr; __aeabi_drsub &rArr; __aeabi_dadd &rArr; _double_epilogue &rArr; _double_round
</UL>
<BR>[Calls]<UL><LI><a href="#[27]">&gt;&gt;</a>&nbsp;&nbsp;&nbsp;__aeabi_f2d
<LI><a href="#[17]">&gt;&gt;</a>&nbsp;&nbsp;&nbsp;__aeabi_drsub
<LI><a href="#[18]">&gt;&gt;</a>&nbsp;&nbsp;&nbsp;__aeabi_dmul
<LI><a href="#[19]">&gt;&gt;</a>&nbsp;&nbsp;&nbsp;__aeabi_d2f
<LI><a href="#[24]">&gt;&gt;</a>&nbsp;&nbsp;&nbsp;VectorScale
<LI><a href="#[22]">&gt;&gt;</a>&nbsp;&nbsp;&nbsp;VectorDotProduct
<LI><a href="#[21]">&gt;&gt;</a>&nbsp;&nbsp;&nbsp;VectorCrossProduct
<LI><a href="#[26]">&gt;&gt;</a>&nbsp;&nbsp;&nbsp;VectorAdd
<LI><a href="#[23]">&gt;&gt;</a>&nbsp;&nbsp;&nbsp;__hardfp_sqrtf
</UL>
<BR>[Called By]<UL><LI><a href="#[9]">&gt;&gt;</a>&nbsp;&nbsp;&nbsp;main
</UL>

<P><STRONG><a name="[28]"></a>ConfigureUART</STRONG> (Thumb, 90 bytes, Stack size 8 bytes, compdcm_mpu9150.o(i.ConfigureUART))
<BR><BR>[Stack]<UL><LI>Max Depth = 56<LI>Call Chain = ConfigureUART &rArr; UARTStdioConfig &rArr; UARTFlushTx &rArr; IsBufferEmpty
</UL>
<BR>[Calls]<UL><LI><a href="#[2a]">&gt;&gt;</a>&nbsp;&nbsp;&nbsp;UARTStdioConfig
<LI><a href="#[29]">&gt;&gt;</a>&nbsp;&nbsp;&nbsp;UARTClockSourceSet
</UL>
<BR>[Called By]<UL><LI><a href="#[9]">&gt;&gt;</a>&nbsp;&nbsp;&nbsp;main
</UL>

<P><STRONG><a name="[2b]"></a>ConfigureUART1</STRONG> (Thumb, 88 bytes, Stack size 8 bytes, compdcm_mpu9150.o(i.ConfigureUART1))
<BR><BR>[Stack]<UL><LI>Max Depth = 8<LI>Call Chain = ConfigureUART1
</UL>
<BR>[Calls]<UL><LI><a href="#[2c]">&gt;&gt;</a>&nbsp;&nbsp;&nbsp;UARTConfigSetExpClk
<LI><a href="#[29]">&gt;&gt;</a>&nbsp;&nbsp;&nbsp;UARTClockSourceSet
</UL>
<BR>[Called By]<UL><LI><a href="#[9]">&gt;&gt;</a>&nbsp;&nbsp;&nbsp;main
</UL>

<P><STRONG><a name="[2e]"></a>GPIODirModeSet</STRONG> (Thumb, 40 bytes, Stack size 0 bytes, gpio.o(i.GPIODirModeSet))
<BR><BR>[Called By]<UL><LI><a href="#[2d]">&gt;&gt;</a>&nbsp;&nbsp;&nbsp;GPIOPinTypeI2CSCL
</UL>

<P><STRONG><a name="[41]"></a>GPIOIntClear</STRONG> (Thumb, 6 bytes, Stack size 0 bytes, gpio.o(i.GPIOIntClear))
<BR><BR>[Called By]<UL><LI><a href="#[5]">&gt;&gt;</a>&nbsp;&nbsp;&nbsp;IntGPIOd
<LI><a href="#[4]">&gt;&gt;</a>&nbsp;&nbsp;&nbsp;IntGPIOb
</UL>

<P><STRONG><a name="[58]"></a>GPIOIntEnable</STRONG> (Thumb, 12 bytes, Stack size 0 bytes, gpio.o(i.GPIOIntEnable))
<BR><BR>[Called By]<UL><LI><a href="#[9]">&gt;&gt;</a>&nbsp;&nbsp;&nbsp;main
</UL>

<P><STRONG><a name="[40]"></a>GPIOIntStatus</STRONG> (Thumb, 14 bytes, Stack size 0 bytes, gpio.o(i.GPIOIntStatus))
<BR><BR>[Called By]<UL><LI><a href="#[5]">&gt;&gt;</a>&nbsp;&nbsp;&nbsp;IntGPIOd
<LI><a href="#[4]">&gt;&gt;</a>&nbsp;&nbsp;&nbsp;IntGPIOb
</UL>

<P><STRONG><a name="[2f]"></a>GPIOPadConfigSet</STRONG> (Thumb, 312 bytes, Stack size 24 bytes, gpio.o(i.GPIOPadConfigSet))
<BR><BR>[Stack]<UL><LI>Max Depth = 24<LI>Call Chain = GPIOPadConfigSet
</UL>
<BR>[Called By]<UL><LI><a href="#[2d]">&gt;&gt;</a>&nbsp;&nbsp;&nbsp;GPIOPinTypeI2CSCL
</UL>

<P><STRONG><a name="[43]"></a>GPIOPinRead</STRONG> (Thumb, 6 bytes, Stack size 0 bytes, gpio.o(i.GPIOPinRead))
<BR><BR>[Called By]<UL><LI><a href="#[5]">&gt;&gt;</a>&nbsp;&nbsp;&nbsp;IntGPIOd
</UL>

<P><STRONG><a name="[2d]"></a>GPIOPinTypeI2CSCL</STRONG> (Thumb, 28 bytes, Stack size 12 bytes, gpio.o(i.GPIOPinTypeI2CSCL))
<BR><BR>[Stack]<UL><LI>Max Depth = 36<LI>Call Chain = GPIOPinTypeI2CSCL &rArr; GPIOPadConfigSet
</UL>
<BR>[Calls]<UL><LI><a href="#[2f]">&gt;&gt;</a>&nbsp;&nbsp;&nbsp;GPIOPadConfigSet
<LI><a href="#[2e]">&gt;&gt;</a>&nbsp;&nbsp;&nbsp;GPIODirModeSet
</UL>
<BR>[Called By]<UL><LI><a href="#[9]">&gt;&gt;</a>&nbsp;&nbsp;&nbsp;main
</UL>

<P><STRONG><a name="[30]"></a>I2CMCommand</STRONG> (Thumb, 142 bytes, Stack size 56 bytes, i2cm_drv.o(i.I2CMCommand))
<BR><BR>[Stack]<UL><LI>Max Depth = 56<LI>Call Chain = I2CMCommand
</UL>
<BR>[Calls]<UL><LI><a href="#[33]">&gt;&gt;</a>&nbsp;&nbsp;&nbsp;IntEnable
<LI><a href="#[32]">&gt;&gt;</a>&nbsp;&nbsp;&nbsp;IntDisable
<LI><a href="#[34]">&gt;&gt;</a>&nbsp;&nbsp;&nbsp;IntTrigger
<LI><a href="#[31]">&gt;&gt;</a>&nbsp;&nbsp;&nbsp;IntIsEnabled
</UL>
<BR>[Called By]<UL><LI><a href="#[42]">&gt;&gt;</a>&nbsp;&nbsp;&nbsp;MPU9150DataRead
<LI><a href="#[3f]">&gt;&gt;</a>&nbsp;&nbsp;&nbsp;I2CMWrite8
<LI><a href="#[3e]">&gt;&gt;</a>&nbsp;&nbsp;&nbsp;I2CMWrite
<LI><a href="#[c]">&gt;&gt;</a>&nbsp;&nbsp;&nbsp;MPU9150Callback
</UL>

<P><STRONG><a name="[35]"></a>I2CMInit</STRONG> (Thumb, 54 bytes, Stack size 16 bytes, i2cm_drv.o(i.I2CMInit))
<BR><BR>[Stack]<UL><LI>Max Depth = 16<LI>Call Chain = I2CMInit
</UL>
<BR>[Calls]<UL><LI><a href="#[33]">&gt;&gt;</a>&nbsp;&nbsp;&nbsp;IntEnable
<LI><a href="#[37]">&gt;&gt;</a>&nbsp;&nbsp;&nbsp;I2CMasterIntEnableEx
<LI><a href="#[36]">&gt;&gt;</a>&nbsp;&nbsp;&nbsp;I2CMasterInitExpClk
</UL>
<BR>[Called By]<UL><LI><a href="#[9]">&gt;&gt;</a>&nbsp;&nbsp;&nbsp;main
</UL>

<P><STRONG><a name="[38]"></a>I2CMIntHandler</STRONG> (Thumb, 794 bytes, Stack size 24 bytes, i2cm_drv.o(i.I2CMIntHandler))
<BR><BR>[Stack]<UL><LI>Max Depth = 24<LI>Call Chain = I2CMIntHandler
</UL>
<BR>[Calls]<UL><LI><a href="#[3b]">&gt;&gt;</a>&nbsp;&nbsp;&nbsp;I2CMasterSlaveAddrSet
<LI><a href="#[39]">&gt;&gt;</a>&nbsp;&nbsp;&nbsp;I2CMasterIntClear
<LI><a href="#[3c]">&gt;&gt;</a>&nbsp;&nbsp;&nbsp;I2CMasterDataPut
<LI><a href="#[3d]">&gt;&gt;</a>&nbsp;&nbsp;&nbsp;I2CMasterDataGet
<LI><a href="#[3a]">&gt;&gt;</a>&nbsp;&nbsp;&nbsp;I2CMasterControl
</UL>
<BR>[Called By]<UL><LI><a href="#[7]">&gt;&gt;</a>&nbsp;&nbsp;&nbsp;MPU9150I2CIntHandler
</UL>

<P><STRONG><a name="[3e]"></a>I2CMWrite</STRONG> (Thumb, 32 bytes, Stack size 40 bytes, i2cm_drv.o(i.I2CMWrite))
<BR><BR>[Stack]<UL><LI>Max Depth = 96<LI>Call Chain = I2CMWrite &rArr; I2CMCommand
</UL>
<BR>[Calls]<UL><LI><a href="#[30]">&gt;&gt;</a>&nbsp;&nbsp;&nbsp;I2CMCommand
</UL>
<BR>[Called By]<UL><LI><a href="#[48]">&gt;&gt;</a>&nbsp;&nbsp;&nbsp;MPU9150Init
<LI><a href="#[c]">&gt;&gt;</a>&nbsp;&nbsp;&nbsp;MPU9150Callback
</UL>

<P><STRONG><a name="[3f]"></a>I2CMWrite8</STRONG> (Thumb, 80 bytes, Stack size 48 bytes, i2cm_drv.o(i.I2CMWrite8))
<BR><BR>[Stack]<UL><LI>Max Depth = 104<LI>Call Chain = I2CMWrite8 &rArr; I2CMCommand
</UL>
<BR>[Calls]<UL><LI><a href="#[30]">&gt;&gt;</a>&nbsp;&nbsp;&nbsp;I2CMCommand
</UL>
<BR>[Called By]<UL><LI><a href="#[49]">&gt;&gt;</a>&nbsp;&nbsp;&nbsp;MPU9150Write
</UL>

<P><STRONG><a name="[3a]"></a>I2CMasterControl</STRONG> (Thumb, 4 bytes, Stack size 0 bytes, i2c.o(i.I2CMasterControl))
<BR><BR>[Called By]<UL><LI><a href="#[38]">&gt;&gt;</a>&nbsp;&nbsp;&nbsp;I2CMIntHandler
</UL>

<P><STRONG><a name="[3d]"></a>I2CMasterDataGet</STRONG> (Thumb, 4 bytes, Stack size 0 bytes, i2c.o(i.I2CMasterDataGet))
<BR><BR>[Called By]<UL><LI><a href="#[38]">&gt;&gt;</a>&nbsp;&nbsp;&nbsp;I2CMIntHandler
</UL>

<P><STRONG><a name="[3c]"></a>I2CMasterDataPut</STRONG> (Thumb, 4 bytes, Stack size 0 bytes, i2c.o(i.I2CMasterDataPut))
<BR><BR>[Called By]<UL><LI><a href="#[38]">&gt;&gt;</a>&nbsp;&nbsp;&nbsp;I2CMIntHandler
</UL>

<P><STRONG><a name="[36]"></a>I2CMasterInitExpClk</STRONG> (Thumb, 72 bytes, Stack size 0 bytes, i2c.o(i.I2CMasterInitExpClk))
<BR><BR>[Called By]<UL><LI><a href="#[35]">&gt;&gt;</a>&nbsp;&nbsp;&nbsp;I2CMInit
</UL>

<P><STRONG><a name="[39]"></a>I2CMasterIntClear</STRONG> (Thumb, 8 bytes, Stack size 0 bytes, i2c.o(i.I2CMasterIntClear))
<BR><BR>[Called By]<UL><LI><a href="#[38]">&gt;&gt;</a>&nbsp;&nbsp;&nbsp;I2CMIntHandler
</UL>

<P><STRONG><a name="[37]"></a>I2CMasterIntEnableEx</STRONG> (Thumb, 8 bytes, Stack size 0 bytes, i2c.o(i.I2CMasterIntEnableEx))
<BR><BR>[Called By]<UL><LI><a href="#[35]">&gt;&gt;</a>&nbsp;&nbsp;&nbsp;I2CMInit
</UL>

<P><STRONG><a name="[3b]"></a>I2CMasterSlaveAddrSet</STRONG> (Thumb, 8 bytes, Stack size 0 bytes, i2c.o(i.I2CMasterSlaveAddrSet))
<BR><BR>[Called By]<UL><LI><a href="#[38]">&gt;&gt;</a>&nbsp;&nbsp;&nbsp;I2CMIntHandler
</UL>

<P><STRONG><a name="[32]"></a>IntDisable</STRONG> (Thumb, 92 bytes, Stack size 0 bytes, interrupt.o(i.IntDisable))
<BR><BR>[Called By]<UL><LI><a href="#[30]">&gt;&gt;</a>&nbsp;&nbsp;&nbsp;I2CMCommand
</UL>

<P><STRONG><a name="[33]"></a>IntEnable</STRONG> (Thumb, 92 bytes, Stack size 0 bytes, interrupt.o(i.IntEnable))
<BR><BR>[Called By]<UL><LI><a href="#[35]">&gt;&gt;</a>&nbsp;&nbsp;&nbsp;I2CMInit
<LI><a href="#[30]">&gt;&gt;</a>&nbsp;&nbsp;&nbsp;I2CMCommand
</UL>

<P><STRONG><a name="[4]"></a>IntGPIOb</STRONG> (Thumb, 38 bytes, Stack size 8 bytes, compdcm_mpu9150.o(i.IntGPIOb))
<BR><BR>[Stack]<UL><LI>Max Depth = 104<LI>Call Chain = IntGPIOb &rArr; MPU9150DataRead &rArr; I2CMCommand
</UL>
<BR>[Calls]<UL><LI><a href="#[42]">&gt;&gt;</a>&nbsp;&nbsp;&nbsp;MPU9150DataRead
<LI><a href="#[40]">&gt;&gt;</a>&nbsp;&nbsp;&nbsp;GPIOIntStatus
<LI><a href="#[41]">&gt;&gt;</a>&nbsp;&nbsp;&nbsp;GPIOIntClear
</UL>
<BR>[Address Reference Count : 1]<UL><LI> startup_rvmdk.o(RESET)
</UL>
<P><STRONG><a name="[5]"></a>IntGPIOd</STRONG> (Thumb, 50 bytes, Stack size 8 bytes, compdcm_mpu9150.o(i.IntGPIOd))
<BR><BR>[Stack]<UL><LI>Max Depth = 8<LI>Call Chain = IntGPIOd
</UL>
<BR>[Calls]<UL><LI><a href="#[43]">&gt;&gt;</a>&nbsp;&nbsp;&nbsp;GPIOPinRead
<LI><a href="#[40]">&gt;&gt;</a>&nbsp;&nbsp;&nbsp;GPIOIntStatus
<LI><a href="#[41]">&gt;&gt;</a>&nbsp;&nbsp;&nbsp;GPIOIntClear
</UL>
<BR>[Address Reference Count : 1]<UL><LI> startup_rvmdk.o(RESET)
</UL>
<P><STRONG><a name="[31]"></a>IntIsEnabled</STRONG> (Thumb, 88 bytes, Stack size 0 bytes, interrupt.o(i.IntIsEnabled))
<BR><BR>[Called By]<UL><LI><a href="#[30]">&gt;&gt;</a>&nbsp;&nbsp;&nbsp;I2CMCommand
</UL>

<P><STRONG><a name="[34]"></a>IntTrigger</STRONG> (Thumb, 8 bytes, Stack size 0 bytes, interrupt.o(i.IntTrigger))
<BR><BR>[Called By]<UL><LI><a href="#[30]">&gt;&gt;</a>&nbsp;&nbsp;&nbsp;I2CMCommand
<LI><a href="#[a]">&gt;&gt;</a>&nbsp;&nbsp;&nbsp;I2CMWrite8Callback
</UL>

<P><STRONG><a name="[b]"></a>MPU9150AppCallback</STRONG> (Thumb, 14 bytes, Stack size 0 bytes, compdcm_mpu9150.o(i.MPU9150AppCallback))
<BR>[Address Reference Count : 2]<UL><LI> compdcm_mpu9150.o(i.IntGPIOb)
<LI> compdcm_mpu9150.o(i.main)
</UL>
<P><STRONG><a name="[44]"></a>MPU9150AppErrorHandler</STRONG> (Thumb, 48 bytes, Stack size 0 bytes, compdcm_mpu9150.o(i.MPU9150AppErrorHandler))
<BR><BR>[Stack]<UL><LI>Max Depth = 120<LI>Call Chain = MPU9150AppErrorHandler &rArr; UARTprintf &rArr; UARTvprintf &rArr; UARTwrite &rArr; UARTPrimeTransmit &rArr; IsBufferEmpty
</UL>
<BR>[Calls]<UL><LI><a href="#[45]">&gt;&gt;</a>&nbsp;&nbsp;&nbsp;UARTprintf
</UL>
<BR>[Called By]<UL><LI><a href="#[46]">&gt;&gt;</a>&nbsp;&nbsp;&nbsp;MPU9150AppI2CWait
</UL>

<P><STRONG><a name="[46]"></a>MPU9150AppI2CWait</STRONG> (Thumb, 44 bytes, Stack size 16 bytes, compdcm_mpu9150.o(i.MPU9150AppI2CWait))
<BR><BR>[Stack]<UL><LI>Max Depth = 136<LI>Call Chain = MPU9150AppI2CWait &rArr; MPU9150AppErrorHandler &rArr; UARTprintf &rArr; UARTvprintf &rArr; UARTwrite &rArr; UARTPrimeTransmit &rArr; IsBufferEmpty
</UL>
<BR>[Calls]<UL><LI><a href="#[44]">&gt;&gt;</a>&nbsp;&nbsp;&nbsp;MPU9150AppErrorHandler
</UL>
<BR>[Called By]<UL><LI><a href="#[9]">&gt;&gt;</a>&nbsp;&nbsp;&nbsp;main
</UL>

<P><STRONG><a name="[5c]"></a>MPU9150DataAccelGetFloat</STRONG> (Thumb, 104 bytes, Stack size 4 bytes, mpu9150.o(i.MPU9150DataAccelGetFloat))
<BR><BR>[Stack]<UL><LI>Max Depth = 4<LI>Call Chain = MPU9150DataAccelGetFloat
</UL>
<BR>[Called By]<UL><LI><a href="#[9]">&gt;&gt;</a>&nbsp;&nbsp;&nbsp;main
</UL>

<P><STRONG><a name="[5d]"></a>MPU9150DataGyroGetFloat</STRONG> (Thumb, 124 bytes, Stack size 4 bytes, mpu9150.o(i.MPU9150DataGyroGetFloat))
<BR><BR>[Stack]<UL><LI>Max Depth = 4<LI>Call Chain = MPU9150DataGyroGetFloat
</UL>
<BR>[Called By]<UL><LI><a href="#[9]">&gt;&gt;</a>&nbsp;&nbsp;&nbsp;main
</UL>

<P><STRONG><a name="[47]"></a>MPU9150DataMagnetoGetFloat</STRONG> (Thumb, 148 bytes, Stack size 32 bytes, mpu9150.o(i.MPU9150DataMagnetoGetFloat))
<BR><BR>[Stack]<UL><LI>Max Depth = 120<LI>Call Chain = MPU9150DataMagnetoGetFloat &rArr; __aeabi_dmul &rArr; _double_epilogue &rArr; _double_round
</UL>
<BR>[Calls]<UL><LI><a href="#[27]">&gt;&gt;</a>&nbsp;&nbsp;&nbsp;__aeabi_f2d
<LI><a href="#[18]">&gt;&gt;</a>&nbsp;&nbsp;&nbsp;__aeabi_dmul
<LI><a href="#[19]">&gt;&gt;</a>&nbsp;&nbsp;&nbsp;__aeabi_d2f
</UL>
<BR>[Called By]<UL><LI><a href="#[9]">&gt;&gt;</a>&nbsp;&nbsp;&nbsp;main
</UL>

<P><STRONG><a name="[42]"></a>MPU9150DataRead</STRONG> (Thumb, 94 bytes, Stack size 40 bytes, mpu9150.o(i.MPU9150DataRead))
<BR><BR>[Stack]<UL><LI>Max Depth = 96<LI>Call Chain = MPU9150DataRead &rArr; I2CMCommand
</UL>
<BR>[Calls]<UL><LI><a href="#[30]">&gt;&gt;</a>&nbsp;&nbsp;&nbsp;I2CMCommand
</UL>
<BR>[Called By]<UL><LI><a href="#[4]">&gt;&gt;</a>&nbsp;&nbsp;&nbsp;IntGPIOb
</UL>

<P><STRONG><a name="[7]"></a>MPU9150I2CIntHandler</STRONG> (Thumb, 10 bytes, Stack size 8 bytes, compdcm_mpu9150.o(i.MPU9150I2CIntHandler))
<BR><BR>[Stack]<UL><LI>Max Depth = 32<LI>Call Chain = MPU9150I2CIntHandler &rArr; I2CMIntHandler
</UL>
<BR>[Calls]<UL><LI><a href="#[38]">&gt;&gt;</a>&nbsp;&nbsp;&nbsp;I2CMIntHandler
</UL>
<BR>[Address Reference Count : 1]<UL><LI> startup_rvmdk.o(RESET)
</UL>
<P><STRONG><a name="[48]"></a>MPU9150Init</STRONG> (Thumb, 92 bytes, Stack size 24 bytes, mpu9150.o(i.MPU9150Init))
<BR><BR>[Stack]<UL><LI>Max Depth = 120<LI>Call Chain = MPU9150Init &rArr; I2CMWrite &rArr; I2CMCommand
</UL>
<BR>[Calls]<UL><LI><a href="#[3e]">&gt;&gt;</a>&nbsp;&nbsp;&nbsp;I2CMWrite
</UL>
<BR>[Called By]<UL><LI><a href="#[9]">&gt;&gt;</a>&nbsp;&nbsp;&nbsp;main
</UL>

<P><STRONG><a name="[49]"></a>MPU9150Write</STRONG> (Thumb, 154 bytes, Stack size 32 bytes, mpu9150.o(i.MPU9150Write))
<BR><BR>[Stack]<UL><LI>Max Depth = 136<LI>Call Chain = MPU9150Write &rArr; I2CMWrite8 &rArr; I2CMCommand
</UL>
<BR>[Calls]<UL><LI><a href="#[3f]">&gt;&gt;</a>&nbsp;&nbsp;&nbsp;I2CMWrite8
</UL>
<BR>[Called By]<UL><LI><a href="#[9]">&gt;&gt;</a>&nbsp;&nbsp;&nbsp;main
</UL>

<P><STRONG><a name="[61]"></a>PID_InitPitch_SetPoint</STRONG> (Thumb, 40 bytes, Stack size 0 bytes, tpid.o(i.PID_InitPitch_SetPoint))
<BR><BR>[Called By]<UL><LI><a href="#[9]">&gt;&gt;</a>&nbsp;&nbsp;&nbsp;main
</UL>

<P><STRONG><a name="[8]"></a>RGBBlinkIntHandler</STRONG> (Thumb, 48 bytes, Stack size 8 bytes, rgb.o(i.RGBBlinkIntHandler))
<BR><BR>[Stack]<UL><LI>Max Depth = 16<LI>Call Chain = RGBBlinkIntHandler &rArr; RGBEnable
</UL>
<BR>[Calls]<UL><LI><a href="#[4a]">&gt;&gt;</a>&nbsp;&nbsp;&nbsp;RGBEnable
<LI><a href="#[4b]">&gt;&gt;</a>&nbsp;&nbsp;&nbsp;RGBDisable
</UL>
<BR>[Address Reference Count : 1]<UL><LI> startup_rvmdk.o(RESET)
</UL>
<P><STRONG><a name="[4b]"></a>RGBDisable</STRONG> (Thumb, 94 bytes, Stack size 8 bytes, rgb.o(i.RGBDisable))
<BR><BR>[Stack]<UL><LI>Max Depth = 8<LI>Call Chain = RGBDisable
</UL>
<BR>[Called By]<UL><LI><a href="#[8]">&gt;&gt;</a>&nbsp;&nbsp;&nbsp;RGBBlinkIntHandler
</UL>

<P><STRONG><a name="[4a]"></a>RGBEnable</STRONG> (Thumb, 184 bytes, Stack size 8 bytes, rgb.o(i.RGBEnable))
<BR><BR>[Stack]<UL><LI>Max Depth = 8<LI>Call Chain = RGBEnable
</UL>
<BR>[Called By]<UL><LI><a href="#[8]">&gt;&gt;</a>&nbsp;&nbsp;&nbsp;RGBBlinkIntHandler
</UL>

<P><STRONG><a name="[57]"></a>SysCtlPeripheralReady</STRONG> (Thumb, 40 bytes, Stack size 0 bytes, sysctl.o(i.SysCtlPeripheralReady))
<BR><BR>[Called By]<UL><LI><a href="#[9]">&gt;&gt;</a>&nbsp;&nbsp;&nbsp;main
</UL>

<P><STRONG><a name="[5b]"></a>UARTCharGetNonBlocking</STRONG> (Thumb, 16 bytes, Stack size 0 bytes, uart.o(i.UARTCharGetNonBlocking))
<BR><BR>[Called By]<UL><LI><a href="#[9]">&gt;&gt;</a>&nbsp;&nbsp;&nbsp;main
</UL>

<P><STRONG><a name="[5a]"></a>UARTCharsAvail</STRONG> (Thumb, 10 bytes, Stack size 0 bytes, uart.o(i.UARTCharsAvail))
<BR><BR>[Called By]<UL><LI><a href="#[9]">&gt;&gt;</a>&nbsp;&nbsp;&nbsp;main
</UL>

<P><STRONG><a name="[29]"></a>UARTClockSourceSet</STRONG> (Thumb, 6 bytes, Stack size 0 bytes, uart.o(i.UARTClockSourceSet))
<BR><BR>[Called By]<UL><LI><a href="#[2b]">&gt;&gt;</a>&nbsp;&nbsp;&nbsp;ConfigureUART1
<LI><a href="#[28]">&gt;&gt;</a>&nbsp;&nbsp;&nbsp;ConfigureUART
</UL>

<P><STRONG><a name="[2c]"></a>UARTConfigSetExpClk</STRONG> (Thumb, 110 bytes, Stack size 0 bytes, uart.o(i.UARTConfigSetExpClk))
<BR><BR>[Calls]<UL><LI><a href="#[2c]">&gt;&gt;</a>&nbsp;&nbsp;&nbsp;UARTConfigSetExpClk
</UL>
<BR>[Called By]<UL><LI><a href="#[2c]">&gt;&gt;</a>&nbsp;&nbsp;&nbsp;UARTConfigSetExpClk
<LI><a href="#[2b]">&gt;&gt;</a>&nbsp;&nbsp;&nbsp;ConfigureUART1
</UL>

<P><STRONG><a name="[4f]"></a>UARTFlushRx</STRONG> (Thumb, 38 bytes, Stack size 8 bytes, uartstdio.o(i.UARTFlushRx))
<BR><BR>[Stack]<UL><LI>Max Depth = 8<LI>Call Chain = UARTFlushRx
</UL>
<BR>[Called By]<UL><LI><a href="#[2a]">&gt;&gt;</a>&nbsp;&nbsp;&nbsp;UARTStdioConfig
</UL>

<P><STRONG><a name="[4c]"></a>UARTFlushTx</STRONG> (Thumb, 58 bytes, Stack size 16 bytes, uartstdio.o(i.UARTFlushTx))
<BR><BR>[Stack]<UL><LI>Max Depth = 24<LI>Call Chain = UARTFlushTx &rArr; IsBufferEmpty
</UL>
<BR>[Calls]<UL><LI><a href="#[4d]">&gt;&gt;</a>&nbsp;&nbsp;&nbsp;IsBufferEmpty
</UL>
<BR>[Called By]<UL><LI><a href="#[2a]">&gt;&gt;</a>&nbsp;&nbsp;&nbsp;UARTStdioConfig
</UL>

<P><STRONG><a name="[2a]"></a>UARTStdioConfig</STRONG> (Thumb, 178 bytes, Stack size 24 bytes, uartstdio.o(i.UARTStdioConfig))
<BR><BR>[Stack]<UL><LI>Max Depth = 48<LI>Call Chain = UARTStdioConfig &rArr; UARTFlushTx &rArr; IsBufferEmpty
</UL>
<BR>[Calls]<UL><LI><a href="#[4c]">&gt;&gt;</a>&nbsp;&nbsp;&nbsp;UARTFlushTx
<LI><a href="#[4f]">&gt;&gt;</a>&nbsp;&nbsp;&nbsp;UARTFlushRx
</UL>
<BR>[Called By]<UL><LI><a href="#[28]">&gt;&gt;</a>&nbsp;&nbsp;&nbsp;ConfigureUART
</UL>

<P><STRONG><a name="[6]"></a>UARTStdioIntHandler</STRONG> (Thumb, 330 bytes, Stack size 16 bytes, uartstdio.o(i.UARTStdioIntHandler))
<BR><BR>[Stack]<UL><LI>Max Depth = 48<LI>Call Chain = UARTStdioIntHandler &rArr; UARTwrite &rArr; UARTPrimeTransmit &rArr; IsBufferEmpty
</UL>
<BR>[Calls]<UL><LI><a href="#[50]">&gt;&gt;</a>&nbsp;&nbsp;&nbsp;UARTwrite
<LI><a href="#[4e]">&gt;&gt;</a>&nbsp;&nbsp;&nbsp;UARTPrimeTransmit
<LI><a href="#[51]">&gt;&gt;</a>&nbsp;&nbsp;&nbsp;IsBufferFull
<LI><a href="#[4d]">&gt;&gt;</a>&nbsp;&nbsp;&nbsp;IsBufferEmpty
</UL>
<BR>[Address Reference Count : 1]<UL><LI> startup_rvmdk.o(RESET)
</UL>
<P><STRONG><a name="[45]"></a>UARTprintf</STRONG> (Thumb, 26 bytes, Stack size 24 bytes, uartstdio.o(i.UARTprintf))
<BR><BR>[Stack]<UL><LI>Max Depth = 120<LI>Call Chain = UARTprintf &rArr; UARTvprintf &rArr; UARTwrite &rArr; UARTPrimeTransmit &rArr; IsBufferEmpty
</UL>
<BR>[Calls]<UL><LI><a href="#[52]">&gt;&gt;</a>&nbsp;&nbsp;&nbsp;UARTvprintf
</UL>
<BR>[Called By]<UL><LI><a href="#[9]">&gt;&gt;</a>&nbsp;&nbsp;&nbsp;main
<LI><a href="#[44]">&gt;&gt;</a>&nbsp;&nbsp;&nbsp;MPU9150AppErrorHandler
</UL>

<P><STRONG><a name="[52]"></a>UARTvprintf</STRONG> (Thumb, 574 bytes, Stack size 64 bytes, uartstdio.o(i.UARTvprintf))
<BR><BR>[Stack]<UL><LI>Max Depth = 96<LI>Call Chain = UARTvprintf &rArr; UARTwrite &rArr; UARTPrimeTransmit &rArr; IsBufferEmpty
</UL>
<BR>[Calls]<UL><LI><a href="#[50]">&gt;&gt;</a>&nbsp;&nbsp;&nbsp;UARTwrite
</UL>
<BR>[Called By]<UL><LI><a href="#[45]">&gt;&gt;</a>&nbsp;&nbsp;&nbsp;UARTprintf
</UL>

<P><STRONG><a name="[50]"></a>UARTwrite</STRONG> (Thumb, 146 bytes, Stack size 16 bytes, uartstdio.o(i.UARTwrite))
<BR><BR>[Stack]<UL><LI>Max Depth = 32<LI>Call Chain = UARTwrite &rArr; UARTPrimeTransmit &rArr; IsBufferEmpty
</UL>
<BR>[Calls]<UL><LI><a href="#[4e]">&gt;&gt;</a>&nbsp;&nbsp;&nbsp;UARTPrimeTransmit
<LI><a href="#[51]">&gt;&gt;</a>&nbsp;&nbsp;&nbsp;IsBufferFull
<LI><a href="#[4d]">&gt;&gt;</a>&nbsp;&nbsp;&nbsp;IsBufferEmpty
</UL>
<BR>[Called By]<UL><LI><a href="#[52]">&gt;&gt;</a>&nbsp;&nbsp;&nbsp;UARTvprintf
<LI><a href="#[6]">&gt;&gt;</a>&nbsp;&nbsp;&nbsp;UARTStdioIntHandler
</UL>

<P><STRONG><a name="[26]"></a>VectorAdd</STRONG> (Thumb, 50 bytes, Stack size 0 bytes, vector.o(i.VectorAdd))
<BR><BR>[Called By]<UL><LI><a href="#[25]">&gt;&gt;</a>&nbsp;&nbsp;&nbsp;CompDCMUpdate
</UL>

<P><STRONG><a name="[21]"></a>VectorCrossProduct</STRONG> (Thumb, 86 bytes, Stack size 0 bytes, vector.o(i.VectorCrossProduct))
<BR><BR>[Called By]<UL><LI><a href="#[25]">&gt;&gt;</a>&nbsp;&nbsp;&nbsp;CompDCMUpdate
<LI><a href="#[20]">&gt;&gt;</a>&nbsp;&nbsp;&nbsp;CompDCMStart
</UL>

<P><STRONG><a name="[22]"></a>VectorDotProduct</STRONG> (Thumb, 38 bytes, Stack size 0 bytes, vector.o(i.VectorDotProduct))
<BR><BR>[Called By]<UL><LI><a href="#[25]">&gt;&gt;</a>&nbsp;&nbsp;&nbsp;CompDCMUpdate
<LI><a href="#[20]">&gt;&gt;</a>&nbsp;&nbsp;&nbsp;CompDCMStart
</UL>

<P><STRONG><a name="[24]"></a>VectorScale</STRONG> (Thumb, 38 bytes, Stack size 0 bytes, vector.o(i.VectorScale))
<BR><BR>[Called By]<UL><LI><a href="#[25]">&gt;&gt;</a>&nbsp;&nbsp;&nbsp;CompDCMUpdate
<LI><a href="#[20]">&gt;&gt;</a>&nbsp;&nbsp;&nbsp;CompDCMStart
</UL>

<P><STRONG><a name="[53]"></a>__ARM_fpclassifyf</STRONG> (Thumb, 38 bytes, Stack size 0 bytes, fpclassifyf.o(i.__ARM_fpclassifyf))
<BR><BR>[Called By]<UL><LI><a href="#[1e]">&gt;&gt;</a>&nbsp;&nbsp;&nbsp;__hardfp_atan2f
<LI><a href="#[1f]">&gt;&gt;</a>&nbsp;&nbsp;&nbsp;__hardfp_asinf
</UL>

<P><STRONG><a name="[1f]"></a>__hardfp_asinf</STRONG> (Thumb, 250 bytes, Stack size 24 bytes, asinf.o(i.__hardfp_asinf))
<BR><BR>[Stack]<UL><LI>Max Depth = 40<LI>Call Chain = __hardfp_asinf &rArr; sqrtf
</UL>
<BR>[Calls]<UL><LI><a href="#[55]">&gt;&gt;</a>&nbsp;&nbsp;&nbsp;__set_errno
<LI><a href="#[54]">&gt;&gt;</a>&nbsp;&nbsp;&nbsp;__mathlib_flt_underflow
<LI><a href="#[53]">&gt;&gt;</a>&nbsp;&nbsp;&nbsp;__ARM_fpclassifyf
<LI><a href="#[56]">&gt;&gt;</a>&nbsp;&nbsp;&nbsp;sqrtf
</UL>
<BR>[Called By]<UL><LI><a href="#[1d]">&gt;&gt;</a>&nbsp;&nbsp;&nbsp;CompDCMComputeEulers
</UL>

<P><STRONG><a name="[1e]"></a>__hardfp_atan2f</STRONG> (Thumb, 486 bytes, Stack size 16 bytes, atan2f.o(i.__hardfp_atan2f))
<BR><BR>[Stack]<UL><LI>Max Depth = 16<LI>Call Chain = __hardfp_atan2f
</UL>
<BR>[Calls]<UL><LI><a href="#[54]">&gt;&gt;</a>&nbsp;&nbsp;&nbsp;__mathlib_flt_underflow
<LI><a href="#[53]">&gt;&gt;</a>&nbsp;&nbsp;&nbsp;__ARM_fpclassifyf
</UL>
<BR>[Called By]<UL><LI><a href="#[1d]">&gt;&gt;</a>&nbsp;&nbsp;&nbsp;CompDCMComputeEulers
</UL>

<P><STRONG><a name="[23]"></a>__hardfp_sqrtf</STRONG> (Thumb, 58 bytes, Stack size 16 bytes, sqrtf.o(i.__hardfp_sqrtf))
<BR><BR>[Stack]<UL><LI>Max Depth = 16<LI>Call Chain = __hardfp_sqrtf
</UL>
<BR>[Calls]<UL><LI><a href="#[55]">&gt;&gt;</a>&nbsp;&nbsp;&nbsp;__set_errno
</UL>
<BR>[Called By]<UL><LI><a href="#[25]">&gt;&gt;</a>&nbsp;&nbsp;&nbsp;CompDCMUpdate
<LI><a href="#[20]">&gt;&gt;</a>&nbsp;&nbsp;&nbsp;CompDCMStart
</UL>

<P><STRONG><a name="[54]"></a>__mathlib_flt_underflow</STRONG> (Thumb, 10 bytes, Stack size 0 bytes, funder.o(i.__mathlib_flt_underflow))
<BR><BR>[Called By]<UL><LI><a href="#[1e]">&gt;&gt;</a>&nbsp;&nbsp;&nbsp;__hardfp_atan2f
<LI><a href="#[1f]">&gt;&gt;</a>&nbsp;&nbsp;&nbsp;__hardfp_asinf
</UL>

<P><STRONG><a name="[71]"></a>__scatterload_copy</STRONG> (Thumb, 14 bytes, Stack size unknown bytes, handlers.o(i.__scatterload_copy), UNUSED)

<P><STRONG><a name="[72]"></a>__scatterload_null</STRONG> (Thumb, 2 bytes, Stack size unknown bytes, handlers.o(i.__scatterload_null), UNUSED)

<P><STRONG><a name="[73]"></a>__scatterload_zeroinit</STRONG> (Thumb, 14 bytes, Stack size unknown bytes, handlers.o(i.__scatterload_zeroinit), UNUSED)

<P><STRONG><a name="[55]"></a>__set_errno</STRONG> (Thumb, 6 bytes, Stack size 0 bytes, errno.o(i.__set_errno))
<BR><BR>[Called By]<UL><LI><a href="#[56]">&gt;&gt;</a>&nbsp;&nbsp;&nbsp;sqrtf
<LI><a href="#[23]">&gt;&gt;</a>&nbsp;&nbsp;&nbsp;__hardfp_sqrtf
<LI><a href="#[1f]">&gt;&gt;</a>&nbsp;&nbsp;&nbsp;__hardfp_asinf
</UL>

<P><STRONG><a name="[62]"></a>initPidConstants</STRONG> (Thumb, 34 bytes, Stack size 0 bytes, tpid.o(i.initPidConstants))
<BR><BR>[Called By]<UL><LI><a href="#[9]">&gt;&gt;</a>&nbsp;&nbsp;&nbsp;main
</UL>

<P><STRONG><a name="[9]"></a>main</STRONG> (Thumb, 2526 bytes, Stack size 120 bytes, compdcm_mpu9150.o(i.main))
<BR><BR>[Stack]<UL><LI>Max Depth = 304<LI>Call Chain = main &rArr; CompDCMUpdate &rArr; __aeabi_drsub &rArr; __aeabi_dadd &rArr; _double_epilogue &rArr; _double_round
</UL>
<BR>[Calls]<UL><LI><a href="#[63]">&gt;&gt;</a>&nbsp;&nbsp;&nbsp;updateProcessVar
<LI><a href="#[64]">&gt;&gt;</a>&nbsp;&nbsp;&nbsp;updateCopterPitch
<LI><a href="#[62]">&gt;&gt;</a>&nbsp;&nbsp;&nbsp;initPidConstants
<LI><a href="#[45]">&gt;&gt;</a>&nbsp;&nbsp;&nbsp;UARTprintf
<LI><a href="#[5a]">&gt;&gt;</a>&nbsp;&nbsp;&nbsp;UARTCharsAvail
<LI><a href="#[5b]">&gt;&gt;</a>&nbsp;&nbsp;&nbsp;UARTCharGetNonBlocking
<LI><a href="#[57]">&gt;&gt;</a>&nbsp;&nbsp;&nbsp;SysCtlPeripheralReady
<LI><a href="#[61]">&gt;&gt;</a>&nbsp;&nbsp;&nbsp;PID_InitPitch_SetPoint
<LI><a href="#[49]">&gt;&gt;</a>&nbsp;&nbsp;&nbsp;MPU9150Write
<LI><a href="#[48]">&gt;&gt;</a>&nbsp;&nbsp;&nbsp;MPU9150Init
<LI><a href="#[47]">&gt;&gt;</a>&nbsp;&nbsp;&nbsp;MPU9150DataMagnetoGetFloat
<LI><a href="#[5d]">&gt;&gt;</a>&nbsp;&nbsp;&nbsp;MPU9150DataGyroGetFloat
<LI><a href="#[5c]">&gt;&gt;</a>&nbsp;&nbsp;&nbsp;MPU9150DataAccelGetFloat
<LI><a href="#[35]">&gt;&gt;</a>&nbsp;&nbsp;&nbsp;I2CMInit
<LI><a href="#[2d]">&gt;&gt;</a>&nbsp;&nbsp;&nbsp;GPIOPinTypeI2CSCL
<LI><a href="#[58]">&gt;&gt;</a>&nbsp;&nbsp;&nbsp;GPIOIntEnable
<LI><a href="#[25]">&gt;&gt;</a>&nbsp;&nbsp;&nbsp;CompDCMUpdate
<LI><a href="#[20]">&gt;&gt;</a>&nbsp;&nbsp;&nbsp;CompDCMStart
<LI><a href="#[5e]">&gt;&gt;</a>&nbsp;&nbsp;&nbsp;CompDCMMagnetoUpdate
<LI><a href="#[59]">&gt;&gt;</a>&nbsp;&nbsp;&nbsp;CompDCMInit
<LI><a href="#[60]">&gt;&gt;</a>&nbsp;&nbsp;&nbsp;CompDCMGyroUpdate
<LI><a href="#[1d]">&gt;&gt;</a>&nbsp;&nbsp;&nbsp;CompDCMComputeEulers
<LI><a href="#[5f]">&gt;&gt;</a>&nbsp;&nbsp;&nbsp;CompDCMAccelUpdate
<LI><a href="#[46]">&gt;&gt;</a>&nbsp;&nbsp;&nbsp;MPU9150AppI2CWait
<LI><a href="#[2b]">&gt;&gt;</a>&nbsp;&nbsp;&nbsp;ConfigureUART1
<LI><a href="#[28]">&gt;&gt;</a>&nbsp;&nbsp;&nbsp;ConfigureUART
</UL>
<BR>[Address Reference Count : 1]<UL><LI> entry9a.o(.ARM.Collect$$$$0000000B)
</UL>
<P><STRONG><a name="[56]"></a>sqrtf</STRONG> (Thumb, 62 bytes, Stack size 16 bytes, sqrtf.o(i.sqrtf))
<BR><BR>[Stack]<UL><LI>Max Depth = 16<LI>Call Chain = sqrtf
</UL>
<BR>[Calls]<UL><LI><a href="#[55]">&gt;&gt;</a>&nbsp;&nbsp;&nbsp;__set_errno
</UL>
<BR>[Called By]<UL><LI><a href="#[1f]">&gt;&gt;</a>&nbsp;&nbsp;&nbsp;__hardfp_asinf
</UL>

<P><STRONG><a name="[64]"></a>updateCopterPitch</STRONG> (Thumb, 304 bytes, Stack size 8 bytes, tpid.o(i.updateCopterPitch))
<BR><BR>[Stack]<UL><LI>Max Depth = 8<LI>Call Chain = updateCopterPitch
</UL>
<BR>[Called By]<UL><LI><a href="#[9]">&gt;&gt;</a>&nbsp;&nbsp;&nbsp;main
</UL>

<P><STRONG><a name="[63]"></a>updateProcessVar</STRONG> (Thumb, 30 bytes, Stack size 0 bytes, tpid.o(i.updateProcessVar))
<BR><BR>[Called By]<UL><LI><a href="#[9]">&gt;&gt;</a>&nbsp;&nbsp;&nbsp;main
</UL>
<P>
<H3>
Local Symbols
</H3>
<P><STRONG><a name="[1]"></a>NmiSR</STRONG> (Thumb, 0 bytes, Stack size unknown bytes, startup_rvmdk.o(RESET))
<BR><BR>[Calls]<UL><LI><a href="#[1]">&gt;&gt;</a>&nbsp;&nbsp;&nbsp;NmiSR
</UL>
<BR>[Called By]<UL><LI><a href="#[1]">&gt;&gt;</a>&nbsp;&nbsp;&nbsp;NmiSR
</UL>
<BR>[Address Reference Count : 1]<UL><LI> startup_rvmdk.o(RESET)
</UL>
<P><STRONG><a name="[2]"></a>FaultISR</STRONG> (Thumb, 0 bytes, Stack size unknown bytes, startup_rvmdk.o(RESET))
<BR><BR>[Calls]<UL><LI><a href="#[2]">&gt;&gt;</a>&nbsp;&nbsp;&nbsp;FaultISR
</UL>
<BR>[Called By]<UL><LI><a href="#[2]">&gt;&gt;</a>&nbsp;&nbsp;&nbsp;FaultISR
</UL>
<BR>[Address Reference Count : 1]<UL><LI> startup_rvmdk.o(RESET)
</UL>
<P><STRONG><a name="[3]"></a>IntDefaultHandler</STRONG> (Thumb, 0 bytes, Stack size unknown bytes, startup_rvmdk.o(RESET))
<BR><BR>[Calls]<UL><LI><a href="#[3]">&gt;&gt;</a>&nbsp;&nbsp;&nbsp;IntDefaultHandler
</UL>
<BR>[Called By]<UL><LI><a href="#[3]">&gt;&gt;</a>&nbsp;&nbsp;&nbsp;IntDefaultHandler
</UL>
<BR>[Address Reference Count : 1]<UL><LI> startup_rvmdk.o(RESET)
</UL>
<P><STRONG><a name="[4d]"></a>IsBufferEmpty</STRONG> (Thumb, 20 bytes, Stack size 8 bytes, uartstdio.o(i.IsBufferEmpty))
<BR><BR>[Stack]<UL><LI>Max Depth = 8<LI>Call Chain = IsBufferEmpty
</UL>
<BR>[Called By]<UL><LI><a href="#[50]">&gt;&gt;</a>&nbsp;&nbsp;&nbsp;UARTwrite
<LI><a href="#[4c]">&gt;&gt;</a>&nbsp;&nbsp;&nbsp;UARTFlushTx
<LI><a href="#[4e]">&gt;&gt;</a>&nbsp;&nbsp;&nbsp;UARTPrimeTransmit
<LI><a href="#[6]">&gt;&gt;</a>&nbsp;&nbsp;&nbsp;UARTStdioIntHandler
</UL>

<P><STRONG><a name="[51]"></a>IsBufferFull</STRONG> (Thumb, 30 bytes, Stack size 16 bytes, uartstdio.o(i.IsBufferFull))
<BR><BR>[Stack]<UL><LI>Max Depth = 16<LI>Call Chain = IsBufferFull
</UL>
<BR>[Called By]<UL><LI><a href="#[50]">&gt;&gt;</a>&nbsp;&nbsp;&nbsp;UARTwrite
<LI><a href="#[6]">&gt;&gt;</a>&nbsp;&nbsp;&nbsp;UARTStdioIntHandler
</UL>

<P><STRONG><a name="[4e]"></a>UARTPrimeTransmit</STRONG> (Thumb, 118 bytes, Stack size 8 bytes, uartstdio.o(i.UARTPrimeTransmit))
<BR><BR>[Stack]<UL><LI>Max Depth = 16<LI>Call Chain = UARTPrimeTransmit &rArr; IsBufferEmpty
</UL>
<BR>[Calls]<UL><LI><a href="#[4d]">&gt;&gt;</a>&nbsp;&nbsp;&nbsp;IsBufferEmpty
</UL>
<BR>[Called By]<UL><LI><a href="#[50]">&gt;&gt;</a>&nbsp;&nbsp;&nbsp;UARTwrite
<LI><a href="#[6]">&gt;&gt;</a>&nbsp;&nbsp;&nbsp;UARTStdioIntHandler
</UL>

<P><STRONG><a name="[a]"></a>I2CMWrite8Callback</STRONG> (Thumb, 94 bytes, Stack size 0 bytes, i2cm_drv.o(i.I2CMWrite8Callback))
<BR><BR>[Calls]<UL><LI><a href="#[34]">&gt;&gt;</a>&nbsp;&nbsp;&nbsp;IntTrigger
</UL>
<BR>[Address Reference Count : 1]<UL><LI> i2cm_drv.o(i.I2CMWrite8)
</UL>
<P><STRONG><a name="[c]"></a>MPU9150Callback</STRONG> (Thumb, 566 bytes, Stack size 48 bytes, mpu9150.o(i.MPU9150Callback))
<BR><BR>[Stack]<UL><LI>Max Depth = 144<LI>Call Chain = MPU9150Callback &rArr; I2CMWrite &rArr; I2CMCommand
</UL>
<BR>[Calls]<UL><LI><a href="#[3e]">&gt;&gt;</a>&nbsp;&nbsp;&nbsp;I2CMWrite
<LI><a href="#[30]">&gt;&gt;</a>&nbsp;&nbsp;&nbsp;I2CMCommand
</UL>
<BR>[Address Reference Count : 4]<UL><LI> mpu9150.o(i.MPU9150Init)
<LI> mpu9150.o(i.MPU9150Write)
<LI> mpu9150.o(i.MPU9150Callback)
<LI> mpu9150.o(i.MPU9150DataRead)
</UL><P>
<H3>
Undefined Global Symbols
</H3><HR></body></html>
